// Jest Snapshot v1, https://goo.gl/fbAQLP

exports[`App renders the app as expected 1`] = `
<div
  className="card-grid__container container"
  data-testid="card-grid"
>
  <div
    className="row"
  >
    <h1
      data-testid="card-grid__title"
    >
      Greetings Cards!
    </h1>
  </div>
  <div
    className="row"
  />
</div>
`;
