// Jest Snapshot v1, https://goo.gl/fbAQLP

exports[`App renders the app as expected 1`] = `
<div
  className="card-grid__container container"
  data-testid="card-grid"
>
  <div
    className="card-grid__title-row row"
    data-testid="card-grid__title-row"
  >
    <h1
      data-testid="card-grid__title"
    >
      Greetings Cards!
    </h1>
  </div>
  <div
    className="card-grid__filter-row row"
    data-testid="card-grid__filter-row"
  >
    <div
      className="card-grid__search-field input-group"
      data-testid="card-grid__search-field"
    >
      <input
        aria-label="Card Filter"
        className="card-grid__search-input form-control"
        data-testid="card-grid__search-input"
        onChange={[Function]}
        onKeyPress={[Function]}
        placeholder="Filter cards here..."
      />
      <div
        className="input-group-append"
        color="secondary"
        onClick={[Function]}
      >
        <button
          className="btn btn-primary"
          disabled={false}
          type="button"
        >
          Filter
        </button>
      </div>
    </div>
  </div>
  <br />
  <div
    className="fade card-grid__no-results-warning alert alert-warning show"
    data-testid="card-grid__no-results-warning"
    role="alert"
  >
    Sorry, we currently have no cards for you
  </div>
</div>
`;
