// Jest Snapshot v1, https://goo.gl/fbAQLP

exports[`Card Details renders the app as expected 1`] = `
<div
  className="card-details__container container"
  data-testid="card-details__container"
>
  <div
    className="card-details__row row"
    data-testid="card-details__row"
  >
    <div
      className="card-details__column-1 col"
      data-testid="card-details__column-1"
    >
      <img
        alt={null}
        className="card-details__image img-fluid"
        data-testid="card-details__image"
        src={null}
      />
    </div>
    <div
      className="card-details__column-2 col"
      data-testid="card-details__column-2"
    >
      <div
        className="card-details__column-2-row-1 row"
        data-testid="card-details__column-2-row1"
      >
        <h2
          className="card-details__title"
          data-testid="card-details__title"
        />
      </div>
      <div
        className="card-details__column-2-row-2 row"
        data-testid="card-details__column-2-row2"
      >
        <button
          className="card-details__button btn btn-primary btn-lg"
          data-testid="card-details__button"
          disabled={false}
          type="button"
        >
          Buy Me!
        </button>
      </div>
    </div>
  </div>
</div>
`;
