// Jest Snapshot v1, https://goo.gl/fbAQLP

exports[`Card Details renders the app as expected 1`] = `
<div
  className="card-details__container container"
  data-testid="card-details__container"
>
  <div
    className="card-details__row row"
    data-testid="card-details__row"
  >
    <div
      className="card-details__column-1 col"
      data-testid="card-details__column-1"
    >
      <img
        className="card-details__column-1 img-fluid"
        data-testid="card-details__image"
        src={null}
      />
    </div>
    <div
      className="card-details__column-1 col"
      data-testid="card-details__column-2"
    >
      <div
        className="card-details__column-2-row-1 row"
        data-testid="card-details__column-2-row1"
      >
        <h1
          className="card-details__title"
          data-testid="card-details__title"
        />
      </div>
    </div>
  </div>
</div>
`;
