// Jest Snapshot v1, https://goo.gl/fbAQLP

exports[`Card Details renders the app as expected 1`] = `
<div
  className="container"
  data-testid="card-details__container"
>
  <div
    className="row"
    data-testid="card-details__row"
  >
    <div
      className="col"
      data-testid="card-details__column-1"
    >
      <img
        className="img-fluid"
        data-testid="card-details__image"
        src="holder.js/100px250"
      />
    </div>
    <div
      className="col"
      data-testid="card-details__column-2"
    />
  </div>
</div>
`;
